App.tsx(296,30): error TS2304: Cannot find name 'Trash2'.
